// Jest Snapshot v1, https://goo.gl/fbAQLP

exports[`Label Component Label: Snapshot testing 1`] = `
<label>
  Test Data
</label>
`;
